Microchip MPLAB XC8 Compiler V1.35 ()

Linker command line:

--edf=C:\Program Files (x86)\Microchip\xc8\v1.35\dat\en_msgs.txt -cs \
  -h+dist/default/production\Testy.X.production.sym \
  --cmf=dist/default/production\Testy.X.production.cmf -z -Q16F570 \
  -oC:\Users\simon\AppData\Local\Temp\s45k.2 \
  -Mdist/default/production/Testy.X.production.map -E1 -ver=XC8 \
  -ASTACK=010h-01fh -pstack=STACK -ACODE=00h-01FFhx3,0600h-07FEh \
  -ASTRCODE=00h-07FEh -ASTRING=00h-0FFh,0200h-02FFh,0400h-04FFh,0600h-06FFh \
  -AENTRY=00h-0FFh-01FFh,0200h-02FFh-03FFh,0400h-04FFh-05FFh,0600h-06FFh-07FEh \
  -ACOMMON=0Ch-0Fh -ABANK0=010h-01Fh -ABANK1=030h-03Fh -ABANK2=050h-05Fh \
  -ABANK3=070h-07Fh -ABANK4=090h-09Fh -ABANK5=0B0h-0BFh -ABANK6=0D0h-0DFh \
  -ABANK7=0F0h-0FFh \
  -ARAM=010h-01Fh,030h-03Fh,050h-05Fh,070h-07Fh,090h-09Fh,0B0h-0BFh,0D0h-0DFh,0F0h-0FFh \
  -AABS1=0Ch-01Fh,030h-03Fh,050h-05Fh,070h-07Fh,090h-09Fh,0B0h-0BFh,0D0h-0DFh,0F0h-0FFh \
  -ASFR0=00h-0Fh -ASFR1=020h-02Fh -ASFR2=040h-04Fh -ASFR3=060h-06Fh \
  -ASFR4=080h-08Fh -ASFR5=0A0h-0AFh -ASFR6=0C0h-0CFh -ASFR7=0E0h-0EFh \
  -preset_vec=07ffh,reset_wrap=0h,intentry,init,end_init,cinit,clrtext \
  -ppowerup=CODE -pfunctab=ENTRY -ACONFIG=0FFFh-0FFFh -pconfig=CONFIG \
  -DCONFIG=2 -AIDLOC=0840h-0843h -pidloc=IDLOC -DIDLOC=2 -pstrings=-STRING \
  -DCODE=2 -DSTRCODE=2 -DSTRING=2 -DCONST=2 -DENTRY=2 -k \
  C:\Users\simon\AppData\Local\Temp\s45k.obj \
  dist/default/production\Testy.X.production.obj 

Object code version is 3.11

Machine type is 16F570



                Name                               Link     Load   Length Selector   Space Scale
C:\Users\simon\AppData\Local\Temp\s45k.obj
                end_init                              0        0        3        0       0
                reset_vec                           7FF      7FF        1      FFE       0
dist/default/production\Testy.X.production.obj
                cinit                                 3        3        4        0       0
                jmp_tab                               7        7        3        0       0
                text1                               1F4      1F4        6      3E8       0
                maintext                            1FA      1FA        6      3F4       0

TOTAL           Name                               Link     Load   Length     Space
        CLASS   STACK          

        CLASS   CODE           
                reset_vec                           7FF      7FF        1         0
                text1                               1F4      1F4        6         0
                maintext                            1FA      1FA        6         0

        CLASS   STRCODE        

        CLASS   STRING         

        CLASS   ENTRY          
                end_init                              0        0        3         0
                cinit                                 3        3        4         0
                jmp_tab                               7        7        3         0

        CLASS   COMMON         

        CLASS   BANK0          

        CLASS   BANK1          

        CLASS   BANK2          

        CLASS   BANK3          

        CLASS   BANK4          

        CLASS   BANK5          

        CLASS   BANK6          

        CLASS   BANK7          

        CLASS   RAM            

        CLASS   ABS1           
                abs_s1                                C        C        4         1

        CLASS   SFR0           

        CLASS   SFR1           

        CLASS   SFR2           

        CLASS   SFR3           

        CLASS   SFR4           

        CLASS   SFR5           

        CLASS   SFR6           

        CLASS   SFR7           

        CLASS   CONFIG         

        CLASS   IDLOC          

        CLASS   CONST          



SEGMENTS        Name                           Load    Length   Top    Selector   Space  Class     Delta

                reset_wrap                     000000  00000A  00000A         0       0  ENTRY       2
                text1                          0001F4  000006  0001FA       3E8       0  CODE        2
                maintext                       0001FA  000006  000200       3F4       0  CODE        2
                reset_vec                      0007FF  000001  000800       FFE       0  CODE        2


UNUSED ADDRESS RANGES

        Name                Unused          Largest block    Delta
        BANK0            0010-001F             10           1
        BANK1            0030-003F             10           1
        BANK2            0050-005F             10           1
        BANK3            0070-007F             10           1
        BANK4            0090-009F             10           1
        BANK5            00B0-00BF             10           1
        BANK6            00D0-00DF             10           1
        BANK7            00F0-00FF             10           1
        CODE             000A-01F3            1EA           2
                         0200-07FE            200
        CONFIG           0FFF-0FFF              1           2
        ENTRY            000A-00FF+00F4         F6           2
                         0200-02FF+0100        100
                         0400-04FF+0100        100
                         0600-06FF+00FF        100
        IDLOC            0840-0843              4           2
        RAM              0010-001F             10           1
                         0030-003F             10
                         0050-005F             10
                         0070-007F             10
                         0090-009F             10
                         00B0-00BF             10
                         00D0-00DF             10
                         00F0-00FF             10
        SFR0             0000-000B              C           1
        SFR1             0020-002F             10           1
        SFR2             0040-004F             10           1
        SFR3             0060-006F             10           1
        SFR4             0080-008F             10           1
        SFR5             00A0-00AF             10           1
        SFR6             00C0-00CF             10           1
        SFR7             00E0-00EF             10           1
        STACK            0010-001F             10           1
        STRCODE          000A-01F3            1EA           2
                         0200-07FE            5FF
        STRING           000A-00FF             F6           2
                         0200-02FF            100
                         0400-04FF            100
                         0600-06FF            100

                                  Symbol Table

_PORTCbits               (abs)       0008
_RC4                     (abs)       0044
_TRISC                   (abs)       0008
__Habs1                  abs1        0000
__Hbank0                 bank0       0000
__Hbank1                 bank1       0000
__Hbank2                 bank2       0000
__Hbank3                 bank3       0000
__Hbank4                 bank4       0000
__Hbank5                 bank5       0000
__Hbank6                 bank6       0000
__Hbank7                 bank7       0000
__Hcinit                 cinit       0007
__Hclrtext               clrtext     0007
__Hcode                  code        0000
__Hcommon                common      0000
__Hconfig                config      0000
__HcstackBANK0           cstackBANK0 0000
__Hend_init              end_init    0003
__Hfunctab               functab     0000
__Hidloc                 idloc       0000
__Hinit                  init        0000
__Hintentry              intentry    0000
__Hjmp_tab               jmp_tab     0000
__Hmaintext              maintext    0000
__Hpowerup               powerup     0000
__Hram                   ram         0000
__Hreset_vec             reset_vec   0800
__Hreset_wrap            reset_wrap  0000
__Hsfr0                  sfr0        0000
__Hsfr1                  sfr1        0000
__Hsfr2                  sfr2        0000
__Hsfr3                  sfr3        0000
__Hsfr4                  sfr4        0000
__Hsfr5                  sfr5        0000
__Hsfr6                  sfr6        0000
__Hsfr7                  sfr7        0000
__Hspace_0               (abs)       0800
__Hspace_1               (abs)       0000
__Hspace_2               (abs)       0000
__Hstack                 stack       0000
__Hstrings               strings     0000
__Htext                  text        0000
__Labs1                  abs1        0000
__Lbank0                 bank0       0000
__Lbank1                 bank1       0000
__Lbank2                 bank2       0000
__Lbank3                 bank3       0000
__Lbank4                 bank4       0000
__Lbank5                 bank5       0000
__Lbank6                 bank6       0000
__Lbank7                 bank7       0000
__Lcinit                 cinit       0003
__Lclrtext               clrtext     0007
__Lcode                  code        0000
__Lcommon                common      0000
__Lconfig                config      0000
__LcstackBANK0           cstackBANK0 0000
__Lend_init              end_init    0000
__Lfunctab               functab     0000
__Lidloc                 idloc       0000
__Linit                  init        0000
__Lintentry              intentry    0000
__Ljmp_tab               jmp_tab     0000
__Lmaintext              maintext    0000
__Lpowerup               powerup     0000
__Lram                   ram         0000
__Lreset_vec             reset_vec   07FF
__Lreset_wrap            reset_wrap  0000
__Lsfr0                  sfr0        0000
__Lsfr1                  sfr1        0000
__Lsfr2                  sfr2        0000
__Lsfr3                  sfr3        0000
__Lsfr4                  sfr4        0000
__Lsfr5                  sfr5        0000
__Lsfr6                  sfr6        0000
__Lsfr7                  sfr7        0000
__Lspace_0               (abs)       0000
__Lspace_1               (abs)       0000
__Lspace_2               (abs)       0000
__Lstack                 stack       0000
__Lstrings               strings     0000
__Ltext                  text        0000
__S0                     (abs)       0200
__S1                     (abs)       0000
__S2                     (abs)       0000
___int_sp                stack       0000
___latbits               (abs)       0002
___sp                    stack       0000
__end_of__initialization cinit       0003
__end_of_init            text1       01FA
__end_of_main            maintext    0200
__initialization         cinit       0003
__pcstackBANK0           cstackBANK0 0000
__pjmp_tab               jmp_tab     0007
__pmaintext              maintext    01FA
__ptext1                 text1       01F4
__size_of_init           (abs)       0000
__size_of_main           (abs)       0000
_init                    text1       01F4
_main                    maintext    01FA
btemp                    (abs)       000C
end_of_initialization    cinit       0003
entry__init              jmp_tab     0007
intlevel0                intentry    0000
intlevel1                intentry    0000
intlevel2                intentry    0000
intlevel3                intentry    0000
intlevel4                intentry    0000
intlevel5                intentry    0000
ltemp                    (abs)       000C
ltemp0                   (abs)       000C
ltemp1                   (abs)       0010
ltemp2                   (abs)       0014
ltemp3                   (abs)       000E
reset_vec                reset_vec   07FF
stackhi                  (abs)       0000
stacklo                  (abs)       0000
start                    init        0000
start_initialization     cinit       0003
ttemp                    (abs)       000C
ttemp0                   (abs)       000C
ttemp1                   (abs)       000F
ttemp2                   (abs)       0012
ttemp3                   (abs)       0015
ttemp4                   (abs)       000D
wtemp                    (abs)       000C
wtemp0                   (abs)       000C
wtemp1                   (abs)       000E
wtemp2                   (abs)       0010
wtemp3                   (abs)       0012
wtemp4                   (abs)       0014
wtemp5                   (abs)       0016
wtemp6                   (abs)       000D


FUNCTION INFORMATION:

 *************** function _main *****************
 Defined at:
		line 20 in file "blink.c"
 Parameters:    Size  Location     Type
		None
 Auto vars:     Size  Location     Type
		None
 Return value:  Size  Location     Type
                  2   11[None  ] int 
 Registers used:
		wreg, fsr0l, fsr0h, status,2, status,0, pclath, cstack
 Tracked objects:
		On entry : 
		On exit  : 
		Unchanged: 
 Data sizes:      BANK0   BANK1   BANK3   BANK4   BANK2   BANK5   BANK6   BANK7  COMMON
      Params:         0       0       0       0       0       0       0       0       0
      Locals:         0       0       0       0       0       0       0       0       0
      Temps:          0       0       0       0       0       0       0       0       0
      Totals:         0       0       0       0       0       0       0       0       0
Total ram usage:        0 bytes
 Hardware stack levels required when called:    1
 This function calls:
		_init
 This function is called by:
		Startup code after reset
 This function uses a non-reentrant model


 *************** function _init *****************
 Defined at:
		line 13 in file "blink.c"
 Parameters:    Size  Location     Type
		None
 Auto vars:     Size  Location     Type
		None
 Return value:  Size  Location     Type
		None               void
 Registers used:
		wreg, fsr0l, fsr0h
 Tracked objects:
		On entry : 
		On exit  : 
		Unchanged: 
 Data sizes:      BANK0   BANK1   BANK3   BANK4   BANK2   BANK5   BANK6   BANK7  COMMON
      Params:         0       0       0       0       0       0       0       0       0
      Locals:         0       0       0       0       0       0       0       0       0
      Temps:          0       0       0       0       0       0       0       0       0
      Totals:         0       0       0       0       0       0       0       0       0
Total ram usage:        0 bytes
 Hardware stack levels used:    1
 This function calls:
		Nothing
 This function is called by:
		_main
 This function uses a non-reentrant model



MODULE INFORMATION

Module		Function		Class		Link	Load	Size
blink.c
		_init          		CODE           	01F4	0000	7
		_main          		CODE           	01FA	0000	7

blink.c estimated size: 14

shared
		__initialization		ENTRY          	0003	0000	1

shared estimated size: 1

